
Test10399.hs:7:27:
    Not in scope: type constructor or class ‘MPISecret’

Test10399.hs:9:10: Not in scope: ‘mkBila’

Test10399.hs:9:24: Illegal tuple section: use TupleSections

Test10399.hs:9:39: Not in scope: ‘P.base’

Test10399.hs:9:50: Not in scope: ‘P.pos’

Test10399.hs:9:60: Not in scope: ‘P.form’
