
MonadFailWarningsWithRebindableSyntax.hs:8:5: warning:
    The failable pattern ‘Just x’
      is used together with -XRebindableSyntax. If this is intentional,
      compile with -fno-warn-missing-monadfail-instance.
